 --- Unitree Robotics --- 
     G1-29dof Controller 
[2026-08-31 11:33:51.710] [info] Waiting for connection to robot...
[2026-08-31 11:33:51.910] [info] Connected to robot.
[2026-08-31 11:33:52.011] [info] Initializing State_Passive ...
[2026-08-31 11:33:52.012] [info] Initializing State_FixStand ...
[2026-08-31 11:33:52.012] [info] Initializing State_Velocity ...
[2026-08-31 11:33:52.012] [info] Policy directory: /home/unitree/unitree_rl_mjlab/deploy/robots/g1/config/policy/velocity/stilt_run8
[2026-08-31 11:33:52.068] [info] Initializing State_Mimic_Dance1_subject2 ...
[2026-08-31 11:33:52.068] [info] Policy directory: /home/unitree/unitree_rl_mjlab/deploy/robots/g1/config/policy/mimic/dance1_subject2/
[2026-08-31 11:33:52.112] [info] Loaded motion file 'dance1_subject2' with duration 131.48s
[2026-08-31 11:33:52.118] [info] FSM: Start Passive
Press [L2 + Up] to enter FixStand mode.
And then press [R2 + A] to start controlling the robot.
And then press [R1 + A/B/Y/X] to control the robot dance.
[2026-08-31 11:35:02.550] [info] FSM: Change state from Passive to FixStand
[2026-08-31 11:35:21.447] [info] FSM: Change state from FixStand to Velocity
[probe   25] dim=495 grav=[-0.06 -0.02 -1.00] ang=[+0.02 -0.03 -0.33] Ljp=[+0.01 +0.03 -0.02 +0.25 -0.29] CMD=[vx +0.0000  vy -0.0000  yaw -0.0000]
[probe   50] dim=495 grav=[-0.08 -0.01 -1.00] ang=[-0.01 -0.07 +0.13] Ljp=[+0.05 -0.03 +0.02 +0.17 -0.21] CMD=[vx +0.0000  vy -0.0000  yaw -0.0000]
[probe   75] dim=495 grav=[-0.10 -0.00 -1.00] ang=[+0.05 +0.05 +0.15] Ljp=[+0.09 -0.04 +0.04 +0.15 -0.20] CMD=[vx +0.0000  vy -0.0000  yaw -0.0000]
[probe  100] dim=495 grav=[-0.10 +0.02 -0.99] ang=[+0.04 -0.01 -0.11] Ljp=[+0.05 -0.02 +0.06 +0.28 -0.32] CMD=[vx +0.0000  vy -0.0000  yaw -0.0000]
[probe  125] dim=495 grav=[-0.12 +0.00 -0.99] ang=[-0.14 +0.07 +0.04] Ljp=[+0.05 -0.02 +0.05 +0.40 -0.34] CMD=[vx +0.0000  vy -0.0000  yaw -0.0000]
[probe  150] dim=495 grav=[-0.14 -0.02 -0.99] ang=[-0.16 -0.03 +0.10] Ljp=[+0.15 -0.03 +0.08 +0.14 -0.18] CMD=[vx +0.0000  vy -0.0000  yaw -0.0000]
[probe  175] dim=495 grav=[-0.14 -0.03 -0.99] ang=[-0.27 -0.02 -0.02] Ljp=[+0.14 -0.04 +0.07 +0.12 -0.17] CMD=[vx +0.0000  vy -0.0000  yaw -0.0000]
[probe  200] dim=495 grav=[-0.15 -0.03 -0.99] ang=[-0.20 -0.02 -0.27] Ljp=[+0.15 -0.05 +0.07 +0.13 -0.17] CMD=[vx +0.0000  vy -0.0000  yaw -0.0000]
[probe  225] dim=495 grav=[-0.15 -0.02 -0.99] ang=[+0.03 -0.00 -0.08] Ljp=[+0.16 -0.06 +0.08 +0.12 -0.17] CMD=[vx +0.0000  vy -0.0000  yaw -0.0000]
[probe  250] dim=495 grav=[-0.15 -0.02 -0.99] ang=[+0.06 +0.02 -0.02] Ljp=[+0.15 -0.06 +0.08 +0.13 -0.17] CMD=[vx +0.0000  vy -0.0000  yaw -0.0000]
[probe  275] dim=495 grav=[-0.15 -0.02 -0.99] ang=[+0.11 +0.00 -0.03] Ljp=[+0.14 -0.06 +0.08 +0.14 -0.17] CMD=[vx +0.0000  vy -0.0000  yaw -0.0000]
[probe  300] dim=495 grav=[-0.15 -0.01 -0.99] ang=[+0.10 +0.11 -0.10] Ljp=[+0.13 -0.06 +0.08 +0.16 -0.19] CMD=[vx +0.0000  vy -0.0000  yaw -0.0000]
[probe  325] dim=495 grav=[-0.15 +0.00 -0.99] ang=[+0.14 -0.07 +0.06] Ljp=[+0.11 -0.03 +0.07 +0.24 -0.29] CMD=[vx +0.0000  vy -0.0000  yaw -0.0000]
[probe  350] dim=495 grav=[-0.16 -0.01 -0.99] ang=[-0.09 +0.05 +0.14] Ljp=[+0.13 -0.03 +0.08 +0.23 -0.23] CMD=[vx -0.1879  vy -0.0000  yaw -0.0000]
[probe  375] dim=495 grav=[-0.14 -0.02 -0.99] ang=[-0.19 +0.11 +0.04] Ljp=[+0.04 -0.02 +0.08 +0.17 -0.13] CMD=[vx -0.2159  vy -0.0000  yaw -0.0000]
[probe  400] dim=495 grav=[-0.14 -0.01 -0.99] ang=[-0.22 +0.02 +0.02] Ljp=[-0.05 -0.06 +0.06 +0.30 -0.23] CMD=[vx -0.0040  vy -0.0000  yaw -0.0000]
[probe  425] dim=495 grav=[-0.16 -0.03 -0.99] ang=[+0.13 -0.01 +0.09] Ljp=[+0.17 -0.09 +0.08 +0.09 -0.14] CMD=[vx -0.0372  vy -0.0000  yaw -0.0000]
[probe  450] dim=495 grav=[-0.17 -0.03 -0.98] ang=[+0.13 -0.03 -0.01] Ljp=[+0.19 -0.07 +0.08 +0.12 -0.17] CMD=[vx -0.0000  vy -0.0000  yaw -0.0000]
[probe  475] dim=495 grav=[-0.17 -0.02 -0.99] ang=[+0.16 +0.12 +0.04] Ljp=[+0.19 -0.05 +0.08 +0.13 -0.17] CMD=[vx -0.2170  vy -0.0000  yaw -0.0000]
[probe  500] dim=495 grav=[-0.16 -0.01 -0.99] ang=[+0.27 +0.15 -0.20] Ljp=[+0.08 -0.05 +0.11 +0.18 -0.13] CMD=[vx -0.3456  vy -0.0000  yaw -0.0000]
[probe  525] dim=495 grav=[-0.13 -0.00 -0.99] ang=[-0.11 +0.17 +0.03] Ljp=[-0.01 -0.04 +0.06 +0.45 -0.32] CMD=[vx -0.0000  vy -0.0000  yaw -0.0000]
[probe  550] dim=495 grav=[-0.16 -0.01 -0.99] ang=[-0.04 -0.08 +0.22] Ljp=[+0.24 -0.04 +0.09 +0.19 -0.27] CMD=[vx -0.0000  vy -0.0000  yaw -0.0000]
[probe  575] dim=495 grav=[-0.17 -0.02 -0.99] ang=[-0.35 -0.27 +0.10] Ljp=[+0.25 -0.03 +0.09 +0.16 -0.24] CMD=[vx -0.0000  vy -0.0000  yaw -0.0000]
[probe  600] dim=495 grav=[-0.18 -0.04 -0.98] ang=[+0.15 +0.06 +0.04] Ljp=[+0.23 -0.07 +0.09 +0.10 -0.19] CMD=[vx -0.0000  vy -0.0000  yaw -0.0000]
[probe  625] dim=495 grav=[-0.18 -0.03 -0.98] ang=[+0.19 -0.05 -0.06] Ljp=[+0.25 -0.05 +0.08 +0.11 -0.20] CMD=[vx -0.0000  vy -0.0000  yaw -0.0000]
[probe  650] dim=495 grav=[-0.18 -0.02 -0.98] ang=[+0.06 -0.08 -0.03] Ljp=[+0.19 -0.06 +0.09 +0.14 -0.19] CMD=[vx -0.0000  vy -0.0000  yaw -0.0000]
[probe  675] dim=495 grav=[-0.19 -0.01 -0.98] ang=[+0.09 -0.02 -0.04] Ljp=[+0.20 -0.03 +0.08 +0.18 -0.22] CMD=[vx -0.0000  vy -0.0000  yaw -0.0000]
[probe  700] dim=495 grav=[-0.20 -0.00 -0.98] ang=[+0.16 -0.14 -0.07] Ljp=[+0.18 -0.02 +0.07 +0.23 -0.29] CMD=[vx -0.0000  vy -0.0000  yaw -0.0000]
[probe  725] dim=495 grav=[-0.21 -0.00 -0.98] ang=[-0.00 +0.08 -0.07] Ljp=[+0.19 -0.01 +0.05 +0.27 -0.31] CMD=[vx -0.0000  vy -0.0000  yaw -0.0000]
[probe  750] dim=495 grav=[-0.23 -0.01 -0.97] ang=[+0.03 -0.08 -0.14] Ljp=[+0.24 -0.00 +0.07 +0.18 -0.24] CMD=[vx -0.0000  vy -0.0000  yaw -0.0000]
[probe  775] dim=495 grav=[-0.22 -0.01 -0.98] ang=[-0.03 -0.02 -0.05] Ljp=[+0.24 +0.01 +0.07 +0.16 -0.22] CMD=[vx -0.0000  vy -0.0000  yaw -0.0000]
[probe  800] dim=495 grav=[-0.23 -0.01 -0.97] ang=[-0.01 +0.03 -0.01] Ljp=[+0.24 +0.01 +0.08 +0.16 -0.22] CMD=[vx -0.0000  vy -0.0000  yaw -0.0000]
[probe  825] dim=495 grav=[-0.22 -0.01 -0.97] ang=[-0.00 -0.01 -0.04] Ljp=[+0.25 +0.02 +0.08 +0.16 -0.22] CMD=[vx -0.0000  vy -0.0000  yaw -0.0000]
[probe  850] dim=495 grav=[-0.22 -0.02 -0.98] ang=[-0.19 +0.09 +0.10] Ljp=[+0.26 +0.01 +0.08 +0.16 -0.23] CMD=[vx -0.0000  vy -0.0000  yaw -0.0000]
[probe  875] dim=495 grav=[-0.22 -0.01 -0.98] ang=[-0.23 -0.08 -0.05] Ljp=[+0.25 +0.01 +0.08 +0.17 -0.23] CMD=[vx -0.0000  vy -0.0000  yaw -0.0000]
[probe  900] dim=495 grav=[-0.23 -0.02 -0.97] ang=[-0.12 +0.03 -0.04] Ljp=[+0.22 +0.01 +0.08 +0.15 -0.21] CMD=[vx -0.0000  vy -0.0000  yaw -0.0000]
[probe  925] dim=495 grav=[-0.21 -0.01 -0.98] ang=[-0.02 +0.13 -0.17] Ljp=[+0.17 +0.03 +0.08 +0.15 -0.22] CMD=[vx -0.0000  vy -0.0000  yaw -0.0000]
[probe  950] dim=495 grav=[-0.20 -0.02 -0.98] ang=[+0.14 +0.04 -0.03] Ljp=[+0.17 -0.00 +0.08 +0.17 -0.19] CMD=[vx -0.0000  vy -0.0000  yaw -0.0000]
[probe  975] dim=495 grav=[-0.19 -0.02 -0.98] ang=[+0.15 +0.03 +0.07] Ljp=[+0.18 -0.04 +0.08 +0.15 -0.17] CMD=[vx -0.0000  vy -0.0000  yaw -0.0000]
[probe 1000] dim=495 grav=[-0.20 -0.02 -0.98] ang=[+0.06 +0.08 -0.18] Ljp=[+0.16 -0.05 +0.09 +0.16 -0.18] CMD=[vx -0.0000  vy -0.0000  yaw -0.0000]
[probe 1025] dim=495 grav=[-0.20 -0.01 -0.98] ang=[+0.33 +0.04 +0.17] Ljp=[+0.10 -0.05 +0.09 +0.25 -0.30] CMD=[vx -0.0000  vy -0.0000  yaw -0.0000]
[probe 1050] dim=495 grav=[-0.20 +0.00 -0.98] ang=[-0.14 -0.00 +0.23] Ljp=[+0.01 -0.04 +0.06 +0.47 -0.35] CMD=[vx -0.0000  vy -0.0000  yaw -0.0000]
[probe 1075] dim=495 grav=[-0.21 -0.01 -0.98] ang=[-0.11 +0.03 -0.03] Ljp=[+0.10 -0.03 +0.06 +0.39 -0.35] CMD=[vx -0.0000  vy -0.0000  yaw -0.0000]
[probe 1100] dim=495 grav=[-0.21 -0.02 -0.98] ang=[-0.20 +0.06 +0.31] Ljp=[+0.15 -0.03 +0.07 +0.27 -0.30] CMD=[vx -0.0000  vy -0.0000  yaw -0.0000]
[probe 1125] dim=495 grav=[-0.21 -0.02 -0.98] ang=[-0.19 +0.01 +0.25] Ljp=[+0.13 -0.03 +0.06 +0.30 -0.32] CMD=[vx -0.0000  vy -0.0000  yaw -0.0000]
[probe 1150] dim=495 grav=[-0.21 -0.01 -0.98] ang=[-0.10 +0.07 +0.24] Ljp=[+0.13 -0.02 +0.06 +0.33 -0.33] CMD=[vx -0.0000  vy -0.0000  yaw -0.0000]
[probe 1175] dim=495 grav=[-0.21 -0.02 -0.98] ang=[-0.20 +0.03 +0.21] Ljp=[+0.15 -0.03 +0.07 +0.25 -0.29] CMD=[vx -0.0000  vy -0.0000  yaw -0.0000]
[probe 1200] dim=495 grav=[-0.20 -0.02 -0.98] ang=[-0.04 +0.05 +0.04] Ljp=[+0.16 -0.04 +0.07 +0.20 -0.25] CMD=[vx -0.0000  vy -0.0000  yaw -0.0000]
[probe 1225] dim=495 grav=[-0.20 -0.02 -0.98] ang=[-0.22 -0.05 +0.06] Ljp=[+0.17 -0.04 +0.06 +0.22 -0.26] CMD=[vx -0.0000  vy -0.0000  yaw -0.0000]
[probe 1250] dim=495 grav=[-0.20 -0.02 -0.98] ang=[-0.17 +0.03 +0.12] Ljp=[+0.18 -0.04 +0.08 +0.14 -0.18] CMD=[vx -0.0000  vy -0.0000  yaw -0.0000]
[probe 1275] dim=495 grav=[-0.19 -0.03 -0.98] ang=[-0.19 -0.08 +0.15] Ljp=[+0.17 -0.05 +0.08 +0.13 -0.17] CMD=[vx -0.0000  vy -0.0000  yaw -0.0000]
[probe 1300] dim=495 grav=[-0.19 -0.04 -0.98] ang=[+0.10 -0.02 -0.04] Ljp=[+0.19 -0.07 +0.08 +0.12 -0.16] CMD=[vx -0.0000  vy -0.0000  yaw -0.0000]
[probe 1325] dim=495 grav=[-0.20 -0.03 -0.98] ang=[+0.07 +0.01 -0.04] Ljp=[+0.20 -0.06 +0.08 +0.12 -0.16] CMD=[vx -0.0000  vy -0.0000  yaw -0.0000]
[probe 1350] dim=495 grav=[-0.19 -0.04 -0.98] ang=[+0.11 +0.03 -0.09] Ljp=[+0.20 -0.05 +0.08 +0.13 -0.18] CMD=[vx -0.0000  vy -0.0000  yaw -0.0000]
[probe 1375] dim=495 grav=[-0.20 -0.03 -0.98] ang=[+0.11 +0.02 -0.05] Ljp=[+0.22 -0.04 +0.08 +0.13 -0.19] CMD=[vx -0.0000  vy -0.0000  yaw -0.0000]
[probe 1400] dim=495 grav=[-0.21 -0.03 -0.98] ang=[+0.06 -0.03 -0.10] Ljp=[+0.22 -0.04 +0.07 +0.13 -0.18] CMD=[vx -0.0000  vy -0.0000  yaw -0.0000]
[probe 1425] dim=495 grav=[-0.20 -0.03 -0.98] ang=[-0.08 +0.03 +0.11] Ljp=[+0.21 -0.03 +0.06 +0.14 -0.19] CMD=[vx -0.0000  vy -0.0000  yaw -0.0000]
[probe 1450] dim=495 grav=[-0.19 -0.02 -0.98] ang=[-0.17 -0.01 -0.06] Ljp=[+0.22 -0.03 +0.07 +0.13 -0.20] CMD=[vx -0.0000  vy -0.0000  yaw -0.0000]
[probe 1475] dim=495 grav=[-0.20 -0.02 -0.98] ang=[-0.17 +0.08 -0.02] Ljp=[+0.22 -0.01 +0.08 +0.15 -0.21] CMD=[vx -0.0000  vy -0.0000  yaw -0.0000]
[probe 1500] dim=495 grav=[-0.20 -0.01 -0.98] ang=[+0.01 -0.03 -0.06] Ljp=[+0.22 +0.00 +0.08 +0.16 -0.22] CMD=[vx -0.0000  vy -0.0000  yaw -0.0000]
[probe 1525] dim=495 grav=[-0.20 -0.01 -0.98] ang=[-0.01 +0.01 -0.00] Ljp=[+0.22 -0.01 +0.08 +0.14 -0.20] CMD=[vx -0.0000  vy -0.0000  yaw -0.0000]
[probe 1550] dim=495 grav=[-0.20 -0.01 -0.98] ang=[+0.00 +0.01 -0.01] Ljp=[+0.22 -0.01 +0.08 +0.14 -0.20] CMD=[vx -0.0000  vy -0.0000  yaw -0.0000]
[probe 1575] dim=495 grav=[-0.20 -0.01 -0.98] ang=[+0.01 +0.01 -0.02] Ljp=[+0.22 -0.00 +0.08 +0.14 -0.20] CMD=[vx -0.0000  vy -0.0000  yaw -0.0000]
[probe 1600] dim=495 grav=[-0.20 -0.01 -0.98] ang=[+0.00 +0.02 +0.00] Ljp=[+0.22 -0.00 +0.08 +0.14 -0.20] CMD=[vx -0.0000  vy -0.0000  yaw -0.0000]
[probe 1625] dim=495 grav=[-0.18 -0.01 -0.98] ang=[-0.04 +0.05 +0.00] Ljp=[+0.23 +0.00 +0.08 +0.14 -0.21] CMD=[vx -0.0000  vy -0.0000  yaw -0.0000]
[probe 1650] dim=495 grav=[-0.18 +0.01 -0.98] ang=[-0.17 -0.08 +0.07] Ljp=[+0.16 +0.00 +0.07 +0.30 -0.32] CMD=[vx -0.0000  vy -0.0000  yaw -0.0000]
[probe 1675] dim=495 grav=[-0.22 -0.02 -0.98] ang=[-0.12 -0.04 +0.04] Ljp=[+0.21 -0.03 +0.08 +0.16 -0.20] CMD=[vx -0.0000  vy -0.0000  yaw -0.0000]
[probe 1700] dim=495 grav=[-0.22 -0.01 -0.98] ang=[-0.12 +0.07 +0.21] Ljp=[+0.18 -0.01 +0.06 +0.29 -0.32] CMD=[vx -0.0000  vy -0.0000  yaw -0.0000]
[probe 1725] dim=495 grav=[-0.23 -0.02 -0.97] ang=[+0.01 +0.00 -0.04] Ljp=[+0.22 -0.02 +0.07 +0.23 -0.28] CMD=[vx -0.0000  vy -0.0000  yaw -0.0000]
[probe 1750] dim=495 grav=[-0.23 -0.02 -0.97] ang=[+0.19 +0.02 +0.05] Ljp=[+0.24 -0.02 +0.08 +0.18 -0.23] CMD=[vx -0.0000  vy -0.0000  yaw -0.0000]
[probe 1775] dim=495 grav=[-0.22 -0.03 -0.97] ang=[+0.21 +0.06 -0.09] Ljp=[+0.26 -0.04 +0.08 +0.15 -0.22] CMD=[vx -0.0000  vy -0.0000  yaw -0.0000]
[probe 1800] dim=495 grav=[-0.22 -0.03 -0.97] ang=[-0.03 +0.02 -0.07] Ljp=[+0.26 -0.04 +0.08 +0.14 -0.21] CMD=[vx -0.0000  vy -0.0000  yaw -0.0000]
[probe 1825] dim=495 grav=[-0.22 -0.01 -0.98] ang=[-0.15 +0.03 -0.01] Ljp=[+0.25 -0.00 +0.08 +0.16 -0.24] CMD=[vx -0.0000  vy -0.0000  yaw -0.0000]
[probe 1850] dim=495 grav=[-0.22 -0.01 -0.97] ang=[+0.03 -0.06 -0.06] Ljp=[+0.26 +0.00 +0.08 +0.17 -0.25] CMD=[vx -0.0000  vy -0.0000  yaw -0.0000]
[probe 1875] dim=495 grav=[-0.22 -0.02 -0.98] ang=[+0.08 +0.09 -0.13] Ljp=[+0.26 -0.00 +0.08 +0.15 -0.23] CMD=[vx -0.0000  vy -0.0000  yaw -0.0000]
[probe 1900] dim=495 grav=[-0.22 -0.03 -0.98] ang=[-0.05 +0.01 +0.06] Ljp=[+0.26 -0.02 +0.08 +0.15 -0.22] CMD=[vx -0.0000  vy -0.0000  yaw -0.0000]
[probe 1925] dim=495 grav=[-0.22 -0.01 -0.98] ang=[-0.15 +0.02 -0.02] Ljp=[+0.26 +0.00 +0.08 +0.16 -0.23] CMD=[vx -0.0000  vy -0.0000  yaw -0.0000]
[probe 1950] dim=495 grav=[-0.22 -0.01 -0.98] ang=[+0.11 -0.03 -0.06] Ljp=[+0.26 +0.01 +0.08 +0.16 -0.24] CMD=[vx -0.0000  vy -0.0000  yaw -0.0000]
[probe 1975] dim=495 grav=[-0.21 -0.02 -0.98] ang=[+0.09 -0.01 -0.06] Ljp=[+0.26 -0.01 +0.09 +0.15 -0.23] CMD=[vx -0.0000  vy -0.0000  yaw -0.0000]
[probe 2000] dim=495 grav=[-0.22 -0.03 -0.98] ang=[-0.07 -0.03 +0.13] Ljp=[+0.26 -0.01 +0.09 +0.15 -0.22] CMD=[vx -0.0000  vy -0.0000  yaw -0.0000]
[probe 2025] dim=495 grav=[-0.21 -0.01 -0.98] ang=[-0.09 -0.05 -0.01] Ljp=[+0.25 +0.01 +0.08 +0.17 -0.24] CMD=[vx -0.0000  vy -0.0000  yaw -0.0000]
[probe 2050] dim=495 grav=[-0.22 -0.01 -0.98] ang=[+0.08 +0.11 -0.07] Ljp=[+0.26 +0.01 +0.09 +0.15 -0.23] CMD=[vx -0.0000  vy -0.0000  yaw -0.0000]
[probe 2075] dim=495 grav=[-0.21 -0.03 -0.98] ang=[+0.10 -0.01 -0.15] Ljp=[+0.26 -0.02 +0.09 +0.13 -0.21] CMD=[vx -0.0000  vy -0.0000  yaw -0.0000]
[probe 2100] dim=495 grav=[-0.21 -0.02 -0.98] ang=[-0.15 +0.04 +0.03] Ljp=[+0.24 -0.00 +0.09 +0.15 -0.21] CMD=[vx -0.0000  vy -0.0000  yaw -0.0000]
[probe 2125] dim=495 grav=[-0.21 -0.01 -0.98] ang=[-0.15 +0.09 -0.06] Ljp=[+0.23 +0.00 +0.08 +0.18 -0.24] CMD=[vx -0.0000  vy -0.0000  yaw -0.0000]
[probe 2150] dim=495 grav=[-0.20 -0.01 -0.98] ang=[-0.04 -0.01 +0.01] Ljp=[+0.20 +0.00 +0.06 +0.22 -0.29] CMD=[vx -0.0000  vy -0.0000  yaw -0.0000]
[probe 2175] dim=495 grav=[-0.20 -0.01 -0.98] ang=[+0.08 -0.01 -0.15] Ljp=[+0.19 -0.00 +0.06 +0.21 -0.29] CMD=[vx -0.0000  vy -0.0000  yaw -0.0000]
[probe 2200] dim=495 grav=[-0.19 -0.01 -0.98] ang=[+0.16 +0.01 -0.00] Ljp=[+0.19 -0.02 +0.07 +0.16 -0.21] CMD=[vx -0.0000  vy -0.0000  yaw -0.0000]
[probe 2225] dim=495 grav=[-0.19 -0.02 -0.98] ang=[+0.18 +0.11 -0.22] Ljp=[+0.19 -0.03 +0.08 +0.16 -0.19] CMD=[vx -0.0000  vy -0.0000  yaw -0.0000]
[probe 2250] dim=495 grav=[-0.19 -0.02 -0.98] ang=[+0.23 -0.00 +0.07] Ljp=[+0.19 -0.03 +0.07 +0.16 -0.19] CMD=[vx -0.0000  vy -0.0000  yaw -0.0000]
[probe 2275] dim=495 grav=[-0.19 -0.03 -0.98] ang=[+0.14 +0.04 -0.08] Ljp=[+0.19 -0.05 +0.07 +0.14 -0.19] CMD=[vx -0.0000  vy -0.0000  yaw -0.0000]
[probe 2300] dim=495 grav=[-0.19 -0.03 -0.98] ang=[+0.14 -0.02 +0.05] Ljp=[+0.22 -0.05 +0.08 +0.13 -0.19] CMD=[vx -0.0000  vy -0.0000  yaw -0.0000]
[probe 2325] dim=495 grav=[-0.20 -0.03 -0.98] ang=[+0.10 +0.01 -0.08] Ljp=[+0.24 -0.03 +0.09 +0.13 -0.21] CMD=[vx -0.0000  vy -0.0000  yaw -0.0000]
[probe 2350] dim=495 grav=[-0.20 -0.03 -0.98] ang=[+0.05 -0.10 -0.08] Ljp=[+0.26 -0.06 +0.08 +0.11 -0.20] CMD=[vx -0.0000  vy -0.0000  yaw -0.0000]
[probe 2375] dim=495 grav=[-0.21 -0.03 -0.98] ang=[+0.10 -0.04 -0.06] Ljp=[+0.26 -0.04 +0.09 +0.12 -0.21] CMD=[vx -0.0000  vy -0.0000  yaw -0.0000]
[probe 2400] dim=495 grav=[-0.21 -0.03 -0.98] ang=[-0.14 -0.03 +0.07] Ljp=[+0.25 -0.02 +0.08 +0.14 -0.22] CMD=[vx -0.0000  vy -0.0000  yaw -0.0000]
[probe 2425] dim=495 grav=[-0.21 -0.01 -0.98] ang=[-0.13 +0.03 +0.10] Ljp=[+0.22 +0.00 +0.06 +0.24 -0.29] CMD=[vx -0.0000  vy -0.0000  yaw -0.0000]
[probe 2450] dim=495 grav=[-0.21 -0.01 -0.98] ang=[+0.03 +0.00 -0.06] Ljp=[+0.24 -0.01 +0.08 +0.17 -0.24] CMD=[vx -0.0000  vy -0.0000  yaw -0.0000]
[probe 2475] dim=495 grav=[-0.19 -0.01 -0.98] ang=[+0.09 +0.13 -0.08] Ljp=[+0.24 -0.01 +0.08 +0.14 -0.22] CMD=[vx -0.0000  vy -0.0000  yaw -0.0000]
[probe 2500] dim=495 grav=[-0.19 -0.02 -0.98] ang=[+0.17 +0.01 +0.04] Ljp=[+0.25 -0.02 +0.08 +0.12 -0.22] CMD=[vx -0.0000  vy -0.0000  yaw -0.0000]
[probe 2525] dim=495 grav=[-0.20 -0.03 -0.98] ang=[-0.35 -0.01 +0.09] Ljp=[+0.25 -0.02 +0.08 +0.13 -0.22] CMD=[vx -0.0000  vy -0.0000  yaw -0.0000]
[probe 2550] dim=495 grav=[-0.18 -0.00 -0.98] ang=[-0.09 +0.05 +0.15] Ljp=[+0.21 +0.01 +0.07 +0.23 -0.27] CMD=[vx -0.0000  vy -0.0000  yaw -0.0000]
[probe 2575] dim=495 grav=[-0.18 -0.02 -0.98] ang=[+0.08 +0.02 +0.03] Ljp=[+0.23 -0.02 +0.09 +0.11 -0.19] CMD=[vx -0.0000  vy -0.0000  yaw -0.0000]
[probe 2600] dim=495 grav=[-0.19 -0.01 -0.98] ang=[+0.03 +0.08 -0.05] Ljp=[+0.22 -0.02 +0.09 +0.11 -0.18] CMD=[vx -0.0000  vy -0.0000  yaw -0.0000]
[probe 2625] dim=495 grav=[-0.18 -0.01 -0.98] ang=[+0.04 -0.01 -0.07] Ljp=[+0.20 -0.04 +0.08 +0.11 -0.16] CMD=[vx -0.0000  vy -0.0000  yaw -0.0000]
[probe 2650] dim=495 grav=[-0.18 -0.01 -0.98] ang=[+0.10 +0.08 +0.06] Ljp=[+0.17 -0.04 +0.09 +0.15 -0.18] CMD=[vx -0.0000  vy -0.0000  yaw -0.0000]
[probe 2675] dim=495 grav=[-0.18 -0.01 -0.98] ang=[+0.07 +0.10 -0.10] Ljp=[+0.17 -0.04 +0.08 +0.18 -0.21] CMD=[vx -0.0000  vy -0.0000  yaw -0.0000]
[probe 2700] dim=495 grav=[-0.18 -0.01 -0.98] ang=[+0.10 +0.08 -0.07] Ljp=[+0.17 -0.04 +0.08 +0.19 -0.24] CMD=[vx -0.0000  vy -0.0000  yaw -0.0000]
[probe 2725] dim=495 grav=[-0.18 -0.01 -0.98] ang=[-0.04 -0.06 +0.12] Ljp=[+0.18 -0.05 +0.08 +0.12 -0.16] CMD=[vx -0.0000  vy -0.0000  yaw -0.0000]
[probe 2750] dim=495 grav=[-0.20 -0.01 -0.98] ang=[-0.04 -0.01 +0.05] Ljp=[+0.18 -0.05 +0.08 +0.15 -0.18] CMD=[vx -0.0000  vy -0.0000  yaw -0.0000]
[probe 2775] dim=495 grav=[-0.19 -0.02 -0.98] ang=[-0.13 +0.10 +0.06] Ljp=[+0.15 -0.04 +0.08 +0.25 -0.27] CMD=[vx -0.0000  vy -0.0000  yaw -0.0000]
[probe 2800] dim=495 grav=[-0.20 -0.02 -0.98] ang=[-0.07 +0.06 +0.11] Ljp=[+0.16 -0.04 +0.08 +0.20 -0.23] CMD=[vx -0.0000  vy -0.0000  yaw -0.0000]
[probe 2825] dim=495 grav=[-0.19 -0.02 -0.98] ang=[-0.18 +0.02 +0.24] Ljp=[+0.15 -0.05 +0.07 +0.23 -0.26] CMD=[vx -0.0000  vy -0.0000  yaw -0.0000]
[probe 2850] dim=495 grav=[-0.19 -0.03 -0.98] ang=[-0.10 +0.09 +0.22] Ljp=[+0.15 -0.04 +0.07 +0.27 -0.28] CMD=[vx -0.0000  vy -0.0000  yaw -0.0000]
[probe 2875] dim=495 grav=[-0.20 -0.04 -0.98] ang=[+0.09 +0.07 -0.01] Ljp=[+0.22 -0.07 +0.09 +0.09 -0.15] CMD=[vx -0.0000  vy -0.0000  yaw -0.0000]
[probe 2900] dim=495 grav=[-0.20 -0.04 -0.98] ang=[+0.11 -0.01 -0.11] Ljp=[+0.20 -0.05 +0.08 +0.13 -0.18] CMD=[vx -0.0000  vy -0.0000  yaw -0.0000]
[probe 2925] dim=495 grav=[-0.20 -0.03 -0.98] ang=[+0.14 +0.10 +0.01] Ljp=[+0.19 -0.07 +0.09 +0.12 -0.17] CMD=[vx -0.0000  vy -0.0000  yaw -0.0000]
[probe 2950] dim=495 grav=[-0.20 -0.03 -0.98] ang=[+0.13 +0.07 -0.05] Ljp=[+0.20 -0.09 +0.09 +0.12 -0.17] CMD=[vx -0.0000  vy -0.0000  yaw -0.0000]
[probe 2975] dim=495 grav=[-0.20 -0.01 -0.98] ang=[+0.09 -0.06 -0.04] Ljp=[+0.21 -0.08 +0.09 +0.15 -0.21] CMD=[vx -0.0000  vy -0.0000  yaw -0.0000]
[probe 3000] dim=495 grav=[-0.21 -0.03 -0.98] ang=[+0.01 +0.02 +0.01] Ljp=[+0.24 -0.10 +0.10 +0.10 -0.18] CMD=[vx -0.0000  vy -0.0000  yaw -0.0000]
[2026-08-31 11:36:57.375] [info] FSM: Change state from Velocity to Passive
[2026-08-31 11:37:04.633] [info] FSM: Change state from Passive to FixStand
[2026-08-31 11:37:16.612] [info] FSM: Change state from FixStand to Velocity
[probe   25] dim=495 grav=[-0.08 +0.00 -1.00] ang=[-0.18 -0.07 +0.01] Ljp=[+0.01 -0.02 +0.05 +0.33 -0.33] CMD=[vx -0.0000  vy -0.0000  yaw -0.0000]
[probe   50] dim=495 grav=[-0.12 -0.01 -0.99] ang=[-0.12 +0.05 +0.14] Ljp=[+0.06 -0.03 +0.06 +0.31 -0.30] CMD=[vx -0.0000  vy -0.0000  yaw -0.0000]
[probe   75] dim=495 grav=[-0.14 -0.01 -0.99] ang=[-0.06 -0.13 -0.10] Ljp=[+0.14 -0.03 +0.08 +0.18 -0.22] CMD=[vx -0.0000  vy -0.0000  yaw -0.0000]
[probe  100] dim=495 grav=[-0.14 -0.03 -0.99] ang=[+0.09 -0.07 -0.05] Ljp=[+0.13 -0.06 +0.08 +0.11 -0.14] CMD=[vx -0.0000  vy -0.0000  yaw -0.0000]
[probe  125] dim=495 grav=[-0.14 -0.02 -0.99] ang=[+0.13 -0.00 +0.01] Ljp=[+0.15 -0.07 +0.08 +0.11 -0.15] CMD=[vx -0.0000  vy -0.0000  yaw -0.0000]
[2026-08-31 11:37:19.471] [info] FSM: Change state from Velocity to Passive
